apiVersion: apps/v1
kind: Deployment
metadata:
  name: nginx-exampledev
  namespace: nginx-example
spec:
  replicas: 1
  selector:
    matchLabels:
      app.kubernetes.io/env: dev
      app.kubernetes.io/instance: nginx-example-dev
      app.kubernetes.io/name: nginx-example
      cluster.x-k8s.io/cluster-name: default
  template:
    metadata:
      labels:
        app.kubernetes.io/env: dev
        app.kubernetes.io/instance: nginx-example-dev
        app.kubernetes.io/name: nginx-example
        cluster.x-k8s.io/cluster-name: default
    spec:
      containers:
        - env:
            - name: APP_NAME
              value: nginx-example
            - name: ENVIRONMENT
              value: dev
            - name: INSTANCE
              value: nginx-example-dev
            - name: CLUSTER
              value: default
          image: nginx:1.7.8
          name: main
          ports:
            - containerPort: 80
              protocol: TCP
          resources:
            limits:
              cpu: 100m
              ephemeral-storage: 1Gi
              memory: 100Mi
            requests:
              cpu: 100m
              ephemeral-storage: 1Gi
              memory: 100Mi
---
apiVersion: v1
kind: Namespace
metadata:
  name: nginx-example
---
apiVersion: v1
kind: Service
metadata:
  name: nginx-example
  namespace: nginx-example
spec:
  ports:
    - nodePort: 30201
      port: 80
      targetPort: 80
  selector:
    app.kubernetes.io/env: dev
    app.kubernetes.io/instance: nginx-example-dev
    app.kubernetes.io/name: nginx-example
    cluster.x-k8s.io/cluster-name: default
  type: NodePort
