apiVersion: apps/v1
kind: Deployment
metadata:
  name: sampleappprod
  namespace: sampleapp
spec:
  replicas: 1
  selector:
    matchLabels:
      app.kubernetes.io/name: sampleapp
      app.kubernetes.io/env: prod
      app.kubernetes.io/instance: sampleapp-prod
      cluster.x-k8s.io/cluster-name: demo-cluster-name
  template:
    metadata:
      labels:
        app.kubernetes.io/name: sampleapp
        app.kubernetes.io/env: prod
        app.kubernetes.io/instance: sampleapp-prod
        cluster.x-k8s.io/cluster-name: demo-cluster-name
    spec:
      containers:
      - env:
        - name: APP_NAME
          value: sampleapp
        - name: ENVIRONMENT
          value: prod
        - name: INSTANCE
          value: sampleapp-prod
        - name: CLUSTER
          value: demo-cluster-name
        image: gcr.io/google-samples/gb-frontend:v4
        name: main
        resources:
          limits:
            cpu: 100m
            memory: 100Mi
            ephemeral-storage: 1Gi
          requests:
            cpu: 100m
            memory: 100Mi
            ephemeral-storage: 1Gi
---
apiVersion: v1
kind: Namespace
metadata:
  name: sampleapp
---
apiVersion: v1
kind: Service
metadata:
  name: frontend
  namespace: sampleapp
spec:
  ports:
<<<<<<< HEAD
  - port: 80
  selector:
    app.kubernetes.io/name: sampleapp
    app.kubernetes.io/env: prod
    app.kubernetes.io/instance: sampleapp-prod
    cluster.x-k8s.io/cluster-name: demo-cluster-name
  type: NodePort
=======
    - port: 80
  selector:
    app.kubernetes.io/env: prod
    app.kubernetes.io/instance: sampleapp-prod
    app.kubernetes.io/name: sampleapp
    cluster.x-k8s.io/cluster-name: demo-cluster-name
  type: NodePort
>>>>>>> b8114dd713b21dc5da707d86e5783bc46196b922
