apiVersion: apps/v1
kind: Deployment
metadata:
  name: sample-app
  namespace: sample-app
spec:
  replicas: 1
  selector:
    matchLabels:
      app.kubernetes.io/name: sample-app
      app.kubernetes.io/env: prod
      app.kubernetes.io/instance: sample-app-prod
      cluster.x-k8s.io/cluster-name: demo-cluster-name
  template:
    metadata:
      labels:
        app.kubernetes.io/name: sample-app
        app.kubernetes.io/env: prod
        app.kubernetes.io/instance: sample-app-prod
        cluster.x-k8s.io/cluster-name: demo-cluster-name
    spec:
      containers: []
      dnsPolicy: ClusterFirst
