apiVersion: apps/v1
kind: Deployment
metadata:
  name: sampleappprod
  namespace: sampleapp
spec:
  replicas: 1
  selector:
    matchLabels:
      app.kubernetes.io/env: prod
      app.kubernetes.io/instance: sampleapp-prod
      app.kubernetes.io/name: sampleapp
      app.kubernetes.io/version: v1.0.0
      cluster.x-k8s.io/cluster-name: demo-cluster-name
  template:
    metadata:
      annotations:
        owner: team-iac
      labels:
        app.kubernetes.io/env: prod
        app.kubernetes.io/instance: sampleapp-prod
        app.kubernetes.io/name: sampleapp
        app.kubernetes.io/version: v1.0.0
        cluster.x-k8s.io/cluster-name: demo-cluster-name
    spec:
      containers:
        - env:
            - name: APP_NAME
              value: sampleapp
            - name: ENVIRONMENT
              value: prod
            - name: INSTANCE
              value: sampleapp-prod
            - name: CLUSTER
              value: demo-cluster-name
          image: gcr.io/google-samples/gb-frontend:v4
          name: main
          resources:
            limits:
              cpu: 100m
              ephemeral-storage: 1Gi
              memory: 100Mi
            requests:
              cpu: 100m
              ephemeral-storage: 1Gi
              memory: 100Mi
---
apiVersion: v1
kind: Namespace
metadata:
  name: sampleapp
