apiVersion: apps/v1
kind: Deployment
metadata:
  name: guestbook-frontendtest
  namespace: guestbook-frontend
spec:
  replicas: 1
  selector:
    matchLabels:
      app.kubernetes.io/env: test
      app.kubernetes.io/instance: guestbook-frontend-test
      app.kubernetes.io/name: guestbook-frontend
      cluster.x-k8s.io/cluster-name: demo-cluster-name
      tier: frontend
  template:
    metadata:
      labels:
        app.kubernetes.io/env: test
        app.kubernetes.io/instance: guestbook-frontend-test
        app.kubernetes.io/name: guestbook-frontend
        cluster.x-k8s.io/cluster-name: demo-cluster-name
        tier: frontend
    spec:
      containers:
        - env:
            - name: GET_HOSTS_FROM
              value: dns
            - name: APP_NAME
              value: guestbook-frontend
            - name: ENVIRONMENT
              value: test
            - name: INSTANCE
              value: guestbook-frontend-test
            - name: CLUSTER
              value: demo-cluster-name
          image: gcr.io/google-samples/gb-frontend:v4-test
          name: php-redis
          ports:
            - containerPort: 80
              protocol: TCP
          resources:
            limits:
              cpu: 100m
              ephemeral-storage: 1Gi
              memory: 100Mi
            requests:
              cpu: 100m
              ephemeral-storage: 1Gi
              memory: 100Mi
      dnsPolicy: ClusterFirst
